--------------------------------------------------------------------------------
Release 14.3 Trace  (nt)
Copyright (c) 1995-2012 Xilinx, Inc.  All rights reserved.

E:\Xilinx\14.3\ISE_DS\ISE\bin\nt\unwrapped\trce.exe -intstyle ise -e 3 -s 2 -n
3 -xml KEY_LED.twx KEY_LED.ncd -o KEY_LED.twr KEY_LED.pcf -ucf KEY_LED.ucf

Design file:              KEY_LED.ncd
Physical constraint file: KEY_LED.pcf
Device,package,speed:     xc6slx9,tqg144,C,-2 (PRODUCTION 1.23 2012-10-12)
Report level:             error report

Environment Variable      Effect 
--------------------      ------ 
NONE                      No environment variables were set
--------------------------------------------------------------------------------

INFO:Timing:2698 - No timing constraints found, doing default enumeration.
INFO:Timing:3412 - To improve timing, see the Timing Closure User Guide (UG612).
INFO:Timing:2752 - To get complete path coverage, use the unconstrained paths 
   option. All paths that are not constrained will be reported in the 
   unconstrained paths section(s) of the report.
INFO:Timing:3339 - The clock-to-out numbers in this timing report are based on 
   a 50 Ohm transmission line loading model.  For the details of this model, 
   and for more information on accounting for different loading conditions, 
   please see the device datasheet.



Data Sheet report:
-----------------
All values displayed in nanoseconds (ns)

Pad to Pad
---------------+---------------+---------+
Source Pad     |Destination Pad|  Delay  |
---------------+---------------+---------+
key_data<0>    |LED7S<0>       |   11.729|
key_data<0>    |LED7S<2>       |   11.618|
key_data<0>    |LED7S<3>       |   11.759|
key_data<0>    |LED7S<4>       |   12.833|
key_data<0>    |LED7S<5>       |   12.615|
key_data<0>    |LED7S<6>       |   10.127|
key_data<1>    |LED7S<0>       |   11.481|
key_data<1>    |LED7S<2>       |   11.370|
key_data<1>    |LED7S<3>       |   11.511|
key_data<1>    |LED7S<4>       |   12.871|
key_data<1>    |LED7S<5>       |   12.653|
key_data<1>    |LED7S<6>       |    9.900|
key_data<2>    |LED7S<0>       |   11.757|
key_data<2>    |LED7S<2>       |   11.646|
key_data<2>    |LED7S<3>       |   11.787|
key_data<2>    |LED7S<4>       |   12.737|
key_data<2>    |LED7S<5>       |   12.519|
key_data<2>    |LED7S<6>       |   10.006|
key_data<3>    |LED7S<0>       |   10.828|
key_data<3>    |LED7S<2>       |   10.717|
key_data<3>    |LED7S<3>       |   10.858|
key_data<3>    |LED7S<4>       |   12.290|
key_data<3>    |LED7S<5>       |   12.072|
key_data<3>    |LED7S<6>       |   11.266|
---------------+---------------+---------+


Analysis completed Wed May 07 21:09:29 2014 
--------------------------------------------------------------------------------

Trace Settings:
-------------------------
Trace Settings 

Peak Memory Usage: 147 MB



