V3 3
FL D:/X9/v/LED_Water_3/LED_Water.vhd 2014/05/07.21:32:14 P.40xd
EN work/LED_Water 1399469577 FL D:/X9/v/LED_Water_3/LED_Water.vhd \
      PB ieee/std_logic_1164 1350103243 PB ieee/std_logic_arith 1350103244 \
      PB ieee/STD_LOGIC_UNSIGNED 1350103247
AR work/LED_Water/Behavioral 1399469578 \
      FL D:/X9/v/LED_Water_3/LED_Water.vhd EN work/LED_Water 1399469577
