--------------------------------------------------------------------------------
Release 9.1i Trace 
Copyright (c) 1995-2007 Xilinx, Inc.  All rights reserved.

C:\Xilinx91i\bin\nt\trce.exe -ise D:/XC3S500E_Verilog/MUX/MUX/MUX.ise -intstyle
ise -e 3 -s 4 -xml mux mux.ncd -o mux.twr mux.pcf -ucf mux.ucf

Design file:              mux.ncd
Physical constraint file: mux.pcf
Device,package,speed:     xc3s500e,pq208,-4 (PRODUCTION 1.26 2006-10-19)
Report level:             error report

Environment Variable      Effect 
--------------------      ------ 
NONE                      No environment variables were set
--------------------------------------------------------------------------------

INFO:Timing:2698 - No timing constraints found, doing default enumeration.
INFO:Timing:2752 - To get complete path coverage, use the unconstrained paths 
   option. All paths that are not constrained will be reported in the 
   unconstrained paths section(s) of the report.
INFO:Timing:3339 - The clock-to-out numbers in this timing report are based on 
   a 50 Ohm transmission line loading model.  For the details of this model, 
   and for more information on accounting for different loading conditions, 
   please see the device datasheet.



Data Sheet report:
-----------------
All values displayed in nanoseconds (ns)

Pad to Pad
---------------+---------------+---------+
Source Pad     |Destination Pad|  Delay  |
---------------+---------------+---------+
a              |d<0>           |   11.475|
a              |d<1>           |   10.929|
a              |d<2>           |   10.229|
a              |d<3>           |   10.912|
a              |d<4>           |   10.640|
a              |d<5>           |   10.576|
a              |d<6>           |   10.305|
b<0>           |d<0>           |   12.157|
b<0>           |d<1>           |   11.288|
b<0>           |d<2>           |   10.588|
b<0>           |d<3>           |   11.594|
b<0>           |d<4>           |   11.322|
b<0>           |d<5>           |   11.258|
b<0>           |d<6>           |   10.987|
b<1>           |d<0>           |   11.687|
b<1>           |d<1>           |   10.711|
b<1>           |d<2>           |   10.011|
b<1>           |d<3>           |   11.084|
b<1>           |d<4>           |   10.779|
b<1>           |d<5>           |   10.679|
b<1>           |d<6>           |   10.350|
b<2>           |d<0>           |   11.299|
b<2>           |d<1>           |   11.056|
b<2>           |d<2>           |   10.356|
b<2>           |d<3>           |   10.671|
b<2>           |d<4>           |   10.348|
b<2>           |d<5>           |   10.455|
b<2>           |d<6>           |   10.119|
c<0>           |d<0>           |   10.691|
c<0>           |d<1>           |    9.822|
c<0>           |d<2>           |    9.122|
c<0>           |d<3>           |   10.128|
c<0>           |d<4>           |    9.856|
c<0>           |d<5>           |    9.792|
c<0>           |d<6>           |    9.521|
c<1>           |d<0>           |   11.021|
c<1>           |d<1>           |   10.045|
c<1>           |d<2>           |    9.345|
c<1>           |d<3>           |   10.418|
c<1>           |d<4>           |   10.113|
c<1>           |d<5>           |   10.013|
c<1>           |d<6>           |    9.684|
c<2>           |d<0>           |   10.821|
c<2>           |d<1>           |   10.578|
c<2>           |d<2>           |    9.878|
c<2>           |d<3>           |   10.193|
c<2>           |d<4>           |    9.870|
c<2>           |d<5>           |    9.977|
c<2>           |d<6>           |    9.641|
---------------+---------------+---------+


Analysis completed Mon Oct 18 23:41:11 2010
--------------------------------------------------------------------------------

Trace Settings:
-------------------------
Trace Settings 

Peak Memory Usage: 119 MB



